// Jest Snapshot v1, https://goo.gl/fbAQLP

exports[`denormalize can create nested directories 1`] = `
{
  "directories": [
    {
      "directoryShortid": "GXOoy",
      "shortid": "0",
      "title": "test",
    },
  ],
  "modules": [
    {
      "code": "",
      "directoryShortid": "0",
      "isBinary": false,
      "sha": undefined,
      "shortid": "1",
      "title": "new-file.js",
      "uploadId": undefined,
    },
  ],
}
`;

exports[`denormalize can create only directory 1`] = `
{
  "directories": [
    {
      "directoryShortid": "GXOoy",
      "shortid": "0",
      "title": "test",
    },
    {
      "directoryShortid": "0",
      "shortid": "1",
      "title": "test2",
    },
  ],
  "modules": [],
}
`;

exports[`denormalize can denormalize 1`] = `
{
  "directories": [
    {
      "directoryShortid": undefined,
      "shortid": "0",
      "title": "world",
    },
    {
      "directoryShortid": "0",
      "shortid": "1",
      "title": "hello",
    },
  ],
  "modules": [
    {
      "code": "hello",
      "directoryShortid": undefined,
      "isBinary": false,
      "sha": undefined,
      "shortid": "2",
      "title": "index.js",
      "uploadId": undefined,
    },
    {
      "code": "hello2",
      "directoryShortid": "0",
      "isBinary": false,
      "sha": undefined,
      "shortid": "3",
      "title": "index.js",
      "uploadId": undefined,
    },
    {
      "code": "hello3",
      "directoryShortid": "1",
      "isBinary": false,
      "sha": undefined,
      "shortid": "4",
      "title": "index.js",
      "uploadId": "123",
    },
  ],
}
`;

exports[`denormalize can filter out existing directories 1`] = `
{
  "directories": [],
  "modules": [
    {
      "code": "hello",
      "directoryShortid": undefined,
      "isBinary": false,
      "sha": undefined,
      "shortid": "0",
      "title": "index.js",
      "uploadId": undefined,
    },
    {
      "code": "hello2",
      "directoryShortid": "dir1",
      "isBinary": false,
      "sha": undefined,
      "shortid": "1",
      "title": "index.js",
      "uploadId": undefined,
    },
    {
      "code": "hello3",
      "directoryShortid": "dir2",
      "isBinary": false,
      "sha": undefined,
      "shortid": "2",
      "title": "index.js",
      "uploadId": undefined,
    },
    {
      "code": "hello4",
      "directoryShortid": "dir4",
      "isBinary": false,
      "sha": undefined,
      "shortid": "3",
      "title": "template.md",
      "uploadId": undefined,
    },
    {
      "code": "hello5",
      "directoryShortid": "dir5",
      "isBinary": false,
      "sha": undefined,
      "shortid": "4",
      "title": "config.yml",
      "uploadId": undefined,
    },
  ],
}
`;

exports[`denormalize works with directories starting with a dot 1`] = `
Object {
  "directories": Array [
    Object {
      "directoryShortid": undefined,
      "shortid": "0",
      "title": ".github",
    },
    Object {
      "directoryShortid": "0",
      "shortid": "1",
      "title": "workflows",
    },
  ],
  "modules": Array [
    Object {
      "code": "test",
      "directoryShortid": "1",
      "isBinary": false,
      "shortid": "2",
      "title": "test.yml",
    },
  ],
}
`;
